BEFORE_APPLY
BEFORE_DEFER_INSIDE_CLOSURE
DEFER_INSIDE_CLOSURE
AFTER_APPLY
DEFER_OUTSIDE_CLOSURE
