u8: 1
i8: 1
u16: 2
i16: 2
u32: 4
i32: 4
u64: 8
i64: 8
f32: 4
f64: 8
